FABRIC_1.0 {
	global:
		fi_getinfo;
		fi_freeinfo;
		fi_fabric;
		fi_strerror;

		ibv_get_device_list;
		ibv_free_device_list;
		ibv_get_device_name;
		ibv_get_device_guid;
		ibv_open_device;
		ibv_close_device;
		ibv_get_async_event;
		ibv_ack_async_event;
		ibv_query_device;
		ibv_query_port;
		ibv_query_gid;
		ibv_query_pkey;
		ibv_alloc_pd;
		ibv_dealloc_pd;
		ibv_reg_mr;
		ibv_dereg_mr;
		ibv_create_comp_channel;
		ibv_destroy_comp_channel;
		ibv_create_cq;
		ibv_resize_cq;
		ibv_destroy_cq;
		ibv_get_cq_event;
		ibv_ack_cq_events;
		ibv_create_srq;
		ibv_modify_srq;
		ibv_query_srq;
		ibv_destroy_srq;
		ibv_create_qp;
		ibv_query_qp;
		ibv_modify_qp;
		ibv_destroy_qp;
		ibv_create_ah;
		ibv_destroy_ah;
		ibv_attach_mcast;
		ibv_detach_mcast;
		
		ibv_init_ah_from_wc;
		ibv_create_ah_from_wc;
		ibv_fork_init;
		ibv_node_type_str;
		ibv_port_state_str;
		ibv_event_type_str;
		ibv_wc_status_str;
		ibv_rate_to_mult;
		mult_to_ibv_rate;
		ibv_rate_to_mbps;
		mbps_to_ibv_rate;
		
		rdma_create_event_channel;
		rdma_destroy_event_channel;
		rdma_create_id;
		rdma_destroy_id;
		rdma_bind_addr;
		rdma_resolve_addr;
		rdma_resolve_route;
		rdma_create_qp;
		rdma_destroy_qp;
		rdma_connect;
		rdma_listen;
		rdma_accept;
		rdma_reject;
		rdma_notify;
		rdma_disconnect;
		rdma_get_cm_event;
		rdma_ack_cm_event;
		rdma_get_src_port;
		rdma_get_dst_port;
		rdma_join_multicast;
		rdma_leave_multicast;
		rdma_get_devices;
		rdma_free_devices;
		rdma_event_str;
		rdma_set_option;
		rdma_get_local_addr;
		rdma_get_peer_addr;
		rdma_migrate_id;
		rdma_getaddrinfo;
		rdma_freeaddrinfo;
		rdma_get_request;
		rdma_create_ep;
		rdma_destroy_ep;
		rdma_create_srq;
		rdma_destroy_srq;
		
		rsocket;
		rbind;
		rlisten;
		raccept;
		rconnect;
		rshutdown;
		rclose;
		rrecv;
		rrecvfrom;
		rrecvmsg;
		rsend;
		rsendto;
		rsendmsg;
		rread;
		rreadv;
		rwrite;
		rwritev;
		rpoll;
		rselect;
		rgetpeername;
		rgetsockname;
		rsetsockopt;
		rgetsockopt;
		rfcntl;
		rpoll;
		rselect;
		rdma_get_src_port;
		rdma_get_dst_port;
		riomap;
		riounmap;
		riowrite;
	local: *;
};
